// Jest Snapshot v1, https://goo.gl/fbAQLP

exports[`default layout renders sidebar properly 1`] = `
<nav
  class="nav-sidebar"
>
  <div
    class="nav-sidebar__header"
  >
    <nuxt-link-stub
      class="nav-sidebar__header-anchor p-a-5"
      to="/"
    >
      <svg
        class="tanuki-logo"
        height="36"
        viewBox="0 0 376 342"
        xmlns="http://www.w3.org/2000/svg"
      >
        <g
          fill="none"
          fill-rule="evenodd"
        >
          <path
            class="tanuki-shape tanuki-left-ear"
            d="M185.398 341.13l68.013-209.322H117.39L185.4 341.13z"
            fill="#E24329"
          />
           
          <path
            class="tanuki-shape tanuki-left-eye"
            d="M185.398 341.13l-68.013-209.322h-95.32L185.4 341.128z"
            fill="#FC6D26"
          />
           
          <path
            class="tanuki-shape tanuki-left-cheek"
            d="M22.066 131.808l-20.67 63.61c-1.884 5.803.18 12.16 5.117 15.744L185.398 341.13 22.066 131.807z"
            fill="#FCA326"
          />
           
          <path
            class="tanuki-shape tanuki-nose"
            d="M22.066 131.808h95.32L76.42 5.735c-2.107-6.487-11.284-6.487-13.39 0L22.065 131.808z"
            fill="#E24329"
          />
           
          <path
            class="tanuki-shape tanuki-right-eye"
            d="M185.398 341.13l68.013-209.322h95.32L185.4 341.128z"
            fill="#FC6D26"
          />
           
          <path
            class="tanuki-shape tanuki-right-cheek"
            d="M348.73 131.808l20.67 63.61c1.884 5.803-.18 12.16-5.117 15.744L185.398 341.13 348.73 131.807z"
            fill="#FCA326"
          />
           
          <path
            class="tanuki-shape tanuki-right-ear"
            d="M348.73 131.808h-95.32L294.376 5.735c2.108-6.487 11.285-6.487 13.392 0l40.963 126.073z"
            fill="#E24329"
          />
        </g>
      </svg>
       
      <span
        class="m-l-4"
      >
        GitLab Design System
      </span>
    </nuxt-link-stub>
  </div>
   
  <client-only-stub>
    <search-stub />
  </client-only-stub>
   
  <div
    class="nav-sidebar__body m-b-3"
  >
    <ul
      class="nav-sidebar__section"
    >
      <li>
        <span
          class="nav-sidebar__section-title"
        >
          Brand
        </span>
      </li>
       
      <li>
        <nuxt-link-stub
          class="nav-sidebar__section-items-anchor tree-indent-1"
          role="menuitem"
          to="/brand/basics"
        >
          Basics
        </nuxt-link-stub>
      </li>
      <li>
        <nuxt-link-stub
          class="nav-sidebar__section-items-anchor tree-indent-1"
          role="menuitem"
          to="/brand/resources"
        >
          Resources
        </nuxt-link-stub>
      </li>
    </ul>
    <ul
      class="nav-sidebar__section"
    >
      <li>
        <span
          class="nav-sidebar__section-title"
        >
          Product
        </span>
      </li>
       
      <li
        class="nav-sidebar__section"
      >
        <a
          aria-haspopup="true"
          class="nav-sidebar__section-toggle gl-display-block tree-indent-1"
          href="#"
          role="menuitem"
        >
          Get started
        </a>
         
        <ul
          aria-label="Get started"
          class="nav-sidebar__section-submenu visually-hidden tree-indent-1"
          role="menu"
        >
          <li>
            <nuxt-link-stub
              class="nav-sidebar__section-items-anchor tree-indent-2"
              role="menuitem"
              to="/get-started/principles"
            >
              Principles
            </nuxt-link-stub>
          </li>
          <li>
            <nuxt-link-stub
              class="nav-sidebar__section-items-anchor tree-indent-2"
              role="menuitem"
              to="/get-started/structure"
            >
              Structure
            </nuxt-link-stub>
          </li>
        </ul>
      </li>
      <li
        class="nav-sidebar__section"
      >
        <a
          aria-haspopup="true"
          class="nav-sidebar__section-toggle gl-display-block tree-indent-1"
          href="#"
          role="menuitem"
        >
          Foundations
        </a>
         
        <ul
          aria-label="Foundations"
          class="nav-sidebar__section-submenu visually-hidden tree-indent-1"
          role="menu"
        >
          <li>
            <nuxt-link-stub
              class="nav-sidebar__section-items-anchor tree-indent-2"
              role="menuitem"
              to="/product-foundations/colors"
            >
              Color
            </nuxt-link-stub>
          </li>
          <li>
            <nuxt-link-stub
              class="nav-sidebar__section-items-anchor tree-indent-2"
              role="menuitem"
              to="/product-foundations/iconography"
            >
              Iconography
            </nuxt-link-stub>
          </li>
          <li>
            <nuxt-link-stub
              class="nav-sidebar__section-items-anchor tree-indent-2"
              role="menuitem"
              to="/product-foundations/illustration"
            >
              Illustration
            </nuxt-link-stub>
          </li>
          <li>
            <nuxt-link-stub
              class="nav-sidebar__section-items-anchor tree-indent-2"
              role="menuitem"
              to="/product-foundations/interaction"
            >
              Interactions
            </nuxt-link-stub>
          </li>
          <li>
            <nuxt-link-stub
              class="nav-sidebar__section-items-anchor tree-indent-2"
              role="menuitem"
              to="/product-foundations/motion"
            >
              Motion
            </nuxt-link-stub>
          </li>
          <li>
            <nuxt-link-stub
              class="nav-sidebar__section-items-anchor tree-indent-2"
              role="menuitem"
              to="/product-foundations/saving-and-feedback"
            >
              Saving and feedback
            </nuxt-link-stub>
          </li>
          <li>
            <nuxt-link-stub
              class="nav-sidebar__section-items-anchor tree-indent-2"
              role="menuitem"
              to="/product-foundations/typography"
            >
              Typography
            </nuxt-link-stub>
          </li>
        </ul>
      </li>
      <li
        class="nav-sidebar__section"
      >
        <a
          aria-haspopup="true"
          class="nav-sidebar__section-toggle gl-display-block tree-indent-1"
          href="#"
          role="menuitem"
        >
          Layout
        </a>
         
        <ul
          aria-label="Layout"
          class="nav-sidebar__section-submenu visually-hidden tree-indent-1"
          role="menu"
        >
          <li>
            <nuxt-link-stub
              class="nav-sidebar__section-items-anchor tree-indent-2"
              role="menuitem"
              to="/layout/grid"
            >
              Grid
            </nuxt-link-stub>
          </li>
          <li>
            <nuxt-link-stub
              class="nav-sidebar__section-items-anchor tree-indent-2"
              role="menuitem"
              to="/layout/layers"
            >
              Layers
            </nuxt-link-stub>
          </li>
          <li>
            <nuxt-link-stub
              class="nav-sidebar__section-items-anchor tree-indent-2"
              role="menuitem"
              to="/layout/spacing"
            >
              Spacing
            </nuxt-link-stub>
          </li>
        </ul>
      </li>
      <li
        class="nav-sidebar__section"
      >
        <a
          aria-haspopup="true"
          class="nav-sidebar__section-toggle gl-display-block tree-indent-1"
          href="#"
          role="menuitem"
        >
          Components
        </a>
         
        <ul
          aria-label="Components"
          class="nav-sidebar__section-submenu visually-hidden tree-indent-1"
          role="menu"
        >
          <li>
            <nuxt-link-stub
              class="nav-sidebar__section-items-anchor tree-indent-2"
              role="menuitem"
              to="/components/status"
            >
              Status
            </nuxt-link-stub>
          </li>
          <li>
            <nuxt-link-stub
              class="nav-sidebar__section-items-anchor tree-indent-2"
              role="menuitem"
              to="/components/accordion"
            >
              Accordion
            </nuxt-link-stub>
          </li>
          <li>
            <nuxt-link-stub
              class="nav-sidebar__section-items-anchor tree-indent-2"
              role="menuitem"
              to="/components/alert"
            >
              Alert
            </nuxt-link-stub>
          </li>
          <li>
            <nuxt-link-stub
              class="nav-sidebar__section-items-anchor tree-indent-2"
              role="menuitem"
              to="/components/avatar"
            >
              Avatar
            </nuxt-link-stub>
          </li>
          <li>
            <nuxt-link-stub
              class="nav-sidebar__section-items-anchor tree-indent-2"
              role="menuitem"
              to="/components/badge"
            >
              Badge
            </nuxt-link-stub>
          </li>
          <li>
            <nuxt-link-stub
              class="nav-sidebar__section-items-anchor tree-indent-2"
              role="menuitem"
              to="/components/banner"
            >
              Banner
            </nuxt-link-stub>
          </li>
          <li>
            <nuxt-link-stub
              class="nav-sidebar__section-items-anchor tree-indent-2"
              role="menuitem"
              to="/components/breadcrumb"
            >
              Breadcrumb
            </nuxt-link-stub>
          </li>
          <li>
            <nuxt-link-stub
              class="nav-sidebar__section-items-anchor tree-indent-2"
              role="menuitem"
              to="/components/broadcast-message"
            >
              Broadcast message
            </nuxt-link-stub>
          </li>
          <li>
            <nuxt-link-stub
              class="nav-sidebar__section-items-anchor tree-indent-2"
              role="menuitem"
              to="/components/button"
            >
              Button
            </nuxt-link-stub>
          </li>
          <li>
            <nuxt-link-stub
              class="nav-sidebar__section-items-anchor tree-indent-2"
              role="menuitem"
              to="/components/card"
            >
              Card
            </nuxt-link-stub>
          </li>
          <li>
            <nuxt-link-stub
              class="nav-sidebar__section-items-anchor tree-indent-2"
              role="menuitem"
              to="/components/checkbox"
            >
              Checkbox
            </nuxt-link-stub>
          </li>
          <li>
            <nuxt-link-stub
              class="nav-sidebar__section-items-anchor tree-indent-2"
              role="menuitem"
              to="/components/date-picker"
            >
              Date picker
            </nuxt-link-stub>
          </li>
          <li>
            <nuxt-link-stub
              class="nav-sidebar__section-items-anchor tree-indent-2"
              role="menuitem"
              to="/components/drawer"
            >
              Drawer
            </nuxt-link-stub>
          </li>
          <li>
            <nuxt-link-stub
              class="nav-sidebar__section-items-anchor tree-indent-2"
              role="menuitem"
              to="/components/dropdown"
            >
              Dropdown
            </nuxt-link-stub>
          </li>
          <li>
            <nuxt-link-stub
              class="nav-sidebar__section-items-anchor tree-indent-2"
              role="menuitem"
              to="/components/file-uploader"
            >
              File uploader
            </nuxt-link-stub>
          </li>
          <li>
            <nuxt-link-stub
              class="nav-sidebar__section-items-anchor tree-indent-2"
              role="menuitem"
              to="/components/filter"
            >
              Filter
            </nuxt-link-stub>
          </li>
          <li>
            <nuxt-link-stub
              class="nav-sidebar__section-items-anchor tree-indent-2"
              role="menuitem"
              to="/components/form"
            >
              Form
            </nuxt-link-stub>
          </li>
          <li>
            <nuxt-link-stub
              class="nav-sidebar__section-items-anchor tree-indent-2"
              role="menuitem"
              to="/components/infinite-scroll"
            >
              Infinite scroll
            </nuxt-link-stub>
          </li>
          <li>
            <nuxt-link-stub
              class="nav-sidebar__section-items-anchor tree-indent-2"
              role="menuitem"
              to="/components/label"
            >
              Label
            </nuxt-link-stub>
          </li>
          <li>
            <nuxt-link-stub
              class="nav-sidebar__section-items-anchor tree-indent-2"
              role="menuitem"
              to="/components/list"
            >
              List
            </nuxt-link-stub>
          </li>
          <li>
            <nuxt-link-stub
              class="nav-sidebar__section-items-anchor tree-indent-2"
              role="menuitem"
              to="/components/markdown"
            >
              Markdown
            </nuxt-link-stub>
          </li>
          <li>
            <nuxt-link-stub
              class="nav-sidebar__section-items-anchor tree-indent-2"
              role="menuitem"
              to="/components/modal"
            >
              Modal
            </nuxt-link-stub>
          </li>
          <li>
            <nuxt-link-stub
              class="nav-sidebar__section-items-anchor tree-indent-2"
              role="menuitem"
              to="/components/pagination"
            >
              Pagination
            </nuxt-link-stub>
          </li>
          <li>
            <nuxt-link-stub
              class="nav-sidebar__section-items-anchor tree-indent-2"
              role="menuitem"
              to="/components/path"
            >
              Path
            </nuxt-link-stub>
          </li>
          <li>
            <nuxt-link-stub
              class="nav-sidebar__section-items-anchor tree-indent-2"
              role="menuitem"
              to="/components/popover"
            >
              Popover
            </nuxt-link-stub>
          </li>
          <li>
            <nuxt-link-stub
              class="nav-sidebar__section-items-anchor tree-indent-2"
              role="menuitem"
              to="/components/progress-bar"
            >
              Progress bar
            </nuxt-link-stub>
          </li>
          <li>
            <nuxt-link-stub
              class="nav-sidebar__section-items-anchor tree-indent-2"
              role="menuitem"
              to="/components/radio-button"
            >
              Radio button
            </nuxt-link-stub>
          </li>
          <li>
            <nuxt-link-stub
              class="nav-sidebar__section-items-anchor tree-indent-2"
              role="menuitem"
              to="/components/search"
            >
              Search
            </nuxt-link-stub>
          </li>
          <li>
            <nuxt-link-stub
              class="nav-sidebar__section-items-anchor tree-indent-2"
              role="menuitem"
              to="/components/segmented-control"
            >
              Segmented control
            </nuxt-link-stub>
          </li>
          <li>
            <nuxt-link-stub
              class="nav-sidebar__section-items-anchor tree-indent-2"
              role="menuitem"
              to="/components/skeleton-loader"
            >
              Skeleton loader
            </nuxt-link-stub>
          </li>
          <li>
            <nuxt-link-stub
              class="nav-sidebar__section-items-anchor tree-indent-2"
              role="menuitem"
              to="/components/socks"
            >
              Socks
            </nuxt-link-stub>
          </li>
          <li>
            <nuxt-link-stub
              class="nav-sidebar__section-items-anchor tree-indent-2"
              role="menuitem"
              to="/components/sorting"
            >
              Sorting
            </nuxt-link-stub>
          </li>
          <li>
            <nuxt-link-stub
              class="nav-sidebar__section-items-anchor tree-indent-2"
              role="menuitem"
              to="/components/spinner"
            >
              Spinner
            </nuxt-link-stub>
          </li>
          <li>
            <nuxt-link-stub
              class="nav-sidebar__section-items-anchor tree-indent-2"
              role="menuitem"
              to="/components/table"
            >
              Table
            </nuxt-link-stub>
          </li>
          <li>
            <nuxt-link-stub
              class="nav-sidebar__section-items-anchor tree-indent-2"
              role="menuitem"
              to="/components/tabs"
            >
              Tabs
            </nuxt-link-stub>
          </li>
          <li>
            <nuxt-link-stub
              class="nav-sidebar__section-items-anchor tree-indent-2"
              role="menuitem"
              to="/components/toast"
            >
              Toast
            </nuxt-link-stub>
          </li>
          <li>
            <nuxt-link-stub
              class="nav-sidebar__section-items-anchor tree-indent-2"
              role="menuitem"
              to="/components/toggle"
            >
              Toggle
            </nuxt-link-stub>
          </li>
          <li>
            <nuxt-link-stub
              class="nav-sidebar__section-items-anchor tree-indent-2"
              role="menuitem"
              to="/components/token"
            >
              Token
            </nuxt-link-stub>
          </li>
          <li>
            <nuxt-link-stub
              class="nav-sidebar__section-items-anchor tree-indent-2"
              role="menuitem"
              to="/components/tooltip"
            >
              Tooltip
            </nuxt-link-stub>
          </li>
          <li>
            <nuxt-link-stub
              class="nav-sidebar__section-items-anchor tree-indent-2"
              role="menuitem"
              to="/components/tree"
            >
              Tree
            </nuxt-link-stub>
          </li>
        </ul>
      </li>
      <li
        class="nav-sidebar__section"
      >
        <a
          aria-haspopup="true"
          class="nav-sidebar__section-toggle gl-display-block tree-indent-1"
          href="#"
          role="menuitem"
        >
          Data visualization
        </a>
         
        <ul
          aria-label="Data visualization"
          class="nav-sidebar__section-submenu visually-hidden tree-indent-1"
          role="menu"
        >
          <li>
            <nuxt-link-stub
              class="nav-sidebar__section-items-anchor tree-indent-2"
              role="menuitem"
              to="/data-visualization/overview"
            >
              Overview
            </nuxt-link-stub>
          </li>
          <li>
            <nuxt-link-stub
              class="nav-sidebar__section-items-anchor tree-indent-2"
              role="menuitem"
              to="/data-visualization/charts"
            >
              Charts
            </nuxt-link-stub>
          </li>
          <li>
            <nuxt-link-stub
              class="nav-sidebar__section-items-anchor tree-indent-2"
              role="menuitem"
              to="/data-visualization/color"
            >
              Color
            </nuxt-link-stub>
          </li>
          <li>
            <nuxt-link-stub
              class="nav-sidebar__section-items-anchor tree-indent-2"
              role="menuitem"
              to="/data-visualization/single-stat"
            >
              Single stat
            </nuxt-link-stub>
          </li>
        </ul>
      </li>
      <li
        class="nav-sidebar__section"
      >
        <a
          aria-haspopup="true"
          class="nav-sidebar__section-toggle gl-display-block tree-indent-1"
          href="#"
          role="menuitem"
        >
          Regions
        </a>
         
        <ul
          aria-label="Regions"
          class="nav-sidebar__section-submenu visually-hidden tree-indent-1"
          role="menu"
        >
          <li>
            <nuxt-link-stub
              class="nav-sidebar__section-items-anchor tree-indent-2"
              role="menuitem"
              to="/regions/empty-states"
            >
              Empty States
            </nuxt-link-stub>
          </li>
          <li>
            <nuxt-link-stub
              class="nav-sidebar__section-items-anchor tree-indent-2"
              role="menuitem"
              to="/regions/filters"
            >
              Filters
            </nuxt-link-stub>
          </li>
          <li>
            <nuxt-link-stub
              class="nav-sidebar__section-items-anchor tree-indent-2"
              role="menuitem"
              to="/regions/navigation"
            >
              Navigation
            </nuxt-link-stub>
          </li>
          <li>
            <nuxt-link-stub
              class="nav-sidebar__section-items-anchor tree-indent-2"
              role="menuitem"
              to="/regions/search"
            >
              Search
            </nuxt-link-stub>
          </li>
          <li>
            <nuxt-link-stub
              class="nav-sidebar__section-items-anchor tree-indent-2"
              role="menuitem"
              to="/regions/settings"
            >
              Settings
            </nuxt-link-stub>
          </li>
        </ul>
      </li>
      <li
        class="nav-sidebar__section"
      >
        <a
          aria-haspopup="true"
          class="nav-sidebar__section-toggle gl-display-block tree-indent-1"
          href="#"
          role="menuitem"
        >
          Objects
        </a>
         
        <ul
          aria-label="Objects"
          class="nav-sidebar__section-submenu visually-hidden tree-indent-1"
          role="menu"
        >
          <li>
            <nuxt-link-stub
              class="nav-sidebar__section-items-anchor tree-indent-2"
              role="menuitem"
              to="/objects/merge-request"
            >
              Merge request
            </nuxt-link-stub>
          </li>
          <li>
            <nuxt-link-stub
              class="nav-sidebar__section-items-anchor tree-indent-2"
              role="menuitem"
              to="/objects/report"
            >
              Report
            </nuxt-link-stub>
          </li>
        </ul>
      </li>
      <li
        class="nav-sidebar__section"
      >
        <a
          aria-haspopup="true"
          class="nav-sidebar__section-toggle gl-display-block tree-indent-1"
          href="#"
          role="menuitem"
        >
          Content
        </a>
         
        <ul
          aria-label="Content"
          class="nav-sidebar__section-submenu visually-hidden tree-indent-1"
          role="menu"
        >
          <li>
            <nuxt-link-stub
              class="nav-sidebar__section-items-anchor tree-indent-2"
              role="menuitem"
              to="/content/error-messages"
            >
              Error messages
            </nuxt-link-stub>
          </li>
          <li>
            <nuxt-link-stub
              class="nav-sidebar__section-items-anchor tree-indent-2"
              role="menuitem"
              to="/content/punctuation"
            >
              Punctuation
            </nuxt-link-stub>
          </li>
          <li>
            <nuxt-link-stub
              class="nav-sidebar__section-items-anchor tree-indent-2"
              role="menuitem"
              to="/content/terminology"
            >
              Terminology
            </nuxt-link-stub>
          </li>
          <li>
            <nuxt-link-stub
              class="nav-sidebar__section-items-anchor tree-indent-2"
              role="menuitem"
              to="/content/voice-tone"
            >
              Voice and tone
            </nuxt-link-stub>
          </li>
        </ul>
      </li>
      <li
        class="nav-sidebar__section"
      >
        <a
          aria-haspopup="true"
          class="nav-sidebar__section-toggle gl-display-block tree-indent-1"
          href="#"
          role="menuitem"
        >
          Usability
        </a>
         
        <ul
          aria-label="Usability"
          class="nav-sidebar__section-submenu visually-hidden tree-indent-1"
          role="menu"
        >
          <li>
            <nuxt-link-stub
              class="nav-sidebar__section-items-anchor tree-indent-2"
              role="menuitem"
              to="/usability/error-prevention"
            >
              Error prevention
            </nuxt-link-stub>
          </li>
          <li>
            <nuxt-link-stub
              class="nav-sidebar__section-items-anchor tree-indent-2"
              role="menuitem"
              to="/usability/helping-users"
            >
              Helping users
            </nuxt-link-stub>
          </li>
          <li>
            <nuxt-link-stub
              class="nav-sidebar__section-items-anchor tree-indent-2"
              role="menuitem"
              to="/usability/i18n"
            >
              Internationalization
            </nuxt-link-stub>
          </li>
          <li>
            <nuxt-link-stub
              class="nav-sidebar__section-items-anchor tree-indent-2"
              role="menuitem"
              to="/usability/onboarding-users"
            >
              Onboarding users
            </nuxt-link-stub>
          </li>
        </ul>
      </li>
      <li>
        <nuxt-link-stub
          class="nav-sidebar__section-items-anchor tree-indent-1"
          role="menuitem"
          to="/resources/design-resources"
        >
          Design resources
        </nuxt-link-stub>
      </li>
    </ul>
    <ul
      class="nav-sidebar__section"
    >
      <li>
        <span
          class="nav-sidebar__section-title"
        >
          Research
        </span>
      </li>
       
      <li>
        <nuxt-link-stub
          class="nav-sidebar__section-items-anchor tree-indent-1"
          role="menuitem"
          to="/research/get-started"
        >
          Get started
        </nuxt-link-stub>
      </li>
      <li>
        <a
          class="nav-sidebar__section-items-anchor tree-indent-1"
          href="https://about.gitlab.com/community/gitlab-first-look/"
          rel="noopener"
          target="_blank"
        >
          First look
        </a>
      </li>
      <li>
        <a
          class="nav-sidebar__section-items-anchor tree-indent-1"
          href="https://about.gitlab.com/handbook/marketing/strategic-marketing/roles-personas/"
          rel="noopener"
          target="_blank"
        >
          Personas
        </a>
      </li>
    </ul>
    <ul
      class="nav-sidebar__section"
    >
      <li>
        <span
          class="nav-sidebar__section-title"
        >
          Accessibility
        </span>
      </li>
       
      <li>
        <nuxt-link-stub
          class="nav-sidebar__section-items-anchor tree-indent-1"
          role="menuitem"
          to="/accessibility/a11y"
        >
          Statement of compliance
        </nuxt-link-stub>
      </li>
      <li>
        <nuxt-link-stub
          class="nav-sidebar__section-items-anchor tree-indent-1"
          role="menuitem"
          to="/accessibility/best-practices"
        >
          Best practices
        </nuxt-link-stub>
      </li>
      <li>
        <nuxt-link-stub
          class="nav-sidebar__section-items-anchor tree-indent-1"
          role="menuitem"
          to="/accessibility/vpat"
        >
          GitLab Accessibility Conformance Report
        </nuxt-link-stub>
      </li>
      <li
        class="nav-sidebar__section"
      >
        <a
          aria-haspopup="true"
          class="nav-sidebar__section-toggle gl-display-block tree-indent-1"
          href="#"
          role="menuitem"
        >
          Audit guides
        </a>
         
        <ul
          aria-label="Audit guides"
          class="nav-sidebar__section-submenu visually-hidden tree-indent-1"
          role="menu"
        >
          <li>
            <nuxt-link-stub
              class="nav-sidebar__section-items-anchor tree-indent-2"
              role="menuitem"
              to="/accessibility-audits/accessibility-audits"
            >
              Accessibility audits
            </nuxt-link-stub>
          </li>
          <li>
            <nuxt-link-stub
              class="nav-sidebar__section-items-anchor tree-indent-2"
              role="menuitem"
              to="/accessibility-audits/keyboard-only"
            >
              Keyboard-only
            </nuxt-link-stub>
          </li>
          <li>
            <nuxt-link-stub
              class="nav-sidebar__section-items-anchor tree-indent-2"
              role="menuitem"
              to="/accessibility-audits/screen-readers"
            >
              Screen readers
            </nuxt-link-stub>
          </li>
          <li>
            <nuxt-link-stub
              class="nav-sidebar__section-items-anchor tree-indent-2"
              role="menuitem"
              to="/accessibility-audits/visual"
            >
              Visual
            </nuxt-link-stub>
          </li>
          <li>
            <nuxt-link-stub
              class="nav-sidebar__section-items-anchor tree-indent-2"
              role="menuitem"
              to="/accessibility-audits/content"
            >
              Content
            </nuxt-link-stub>
          </li>
        </ul>
      </li>
    </ul>
    <ul
      class="nav-sidebar__section"
    >
      <li>
        <span
          class="nav-sidebar__section-title"
        >
          Contribute
        </span>
      </li>
       
      <li>
        <nuxt-link-stub
          class="nav-sidebar__section-items-anchor tree-indent-1"
          role="menuitem"
          to="/contribute/get-started"
        >
          Get started
        </nuxt-link-stub>
      </li>
      <li>
        <nuxt-link-stub
          class="nav-sidebar__section-items-anchor tree-indent-1"
          role="menuitem"
          to="/contribute/lifecycle"
        >
          Component lifecycle
        </nuxt-link-stub>
      </li>
    </ul>
  </div>
</nav>
`;
